USE "/";

# delete a cell which does not exist (the delete timestamp is older than
# all other cells
DELETE Field1 FROM LoadTest WHERE ROW = "0000001" TIMESTAMP "2012-08-16 09:22:50.455921030";

SELECT * FROM LoadTest LIMIT 2;
0000001	Field2	UrMUiMV0xyTzBmjBDbmC
0000002	Field3	MP0boZI1ZaVIduFoh14F
SELECT * FROM LoadTest LIMIT 2 RETURN_DELETES;
0000001	Field1		DELETE CELL
0000001	Field2	UrMUiMV0xyTzBmjBDbmC
0000002	Field3	MP0boZI1ZaVIduFoh14F

SELECT * FROM LoadTest LIMIT 5;
0000001	Field2	UrMUiMV0xyTzBmjBDbmC
0000002	Field3	MP0boZI1ZaVIduFoh14F
0000003	Field3	6WFqwP5bnjqATqWmRK0f
0000004	Field3	bnjqATqWmRK0fdo5nS34
0000005	Field1	xH2byq74hCVo1W8DUHUf
SELECT * FROM LoadTest LIMIT 5 RETURN_DELETES;
0000001	Field1		DELETE CELL
0000001	Field2	UrMUiMV0xyTzBmjBDbmC
0000002	Field3	MP0boZI1ZaVIduFoh14F
0000003	Field3	6WFqwP5bnjqATqWmRK0f
0000004	Field3	bnjqATqWmRK0fdo5nS34
0000005	Field1	xH2byq74hCVo1W8DUHUf

SELECT * FROM LoadTest LIMIT 10;
0000001	Field2	UrMUiMV0xyTzBmjBDbmC
0000002	Field3	MP0boZI1ZaVIduFoh14F
0000003	Field3	6WFqwP5bnjqATqWmRK0f
0000004	Field3	bnjqATqWmRK0fdo5nS34
0000005	Field1	xH2byq74hCVo1W8DUHUf
0000006	Field2	X1tFOtf8/emoVOYqu4Vu
0000007	Field2	j6T418NMvFJYuDv98pm9
0000008	Field3	bnjqATqWmRK0fdo5nS34
0000009	Field1	SyEbexYrlKxhFQr8hkMG
0000010	Field1	zamFvB6rqPqP5yNgI5nr
SELECT * FROM LoadTest LIMIT 10 RETURN_DELETES;
0000001	Field1		DELETE CELL
0000001	Field2	UrMUiMV0xyTzBmjBDbmC
0000002	Field3	MP0boZI1ZaVIduFoh14F
0000003	Field3	6WFqwP5bnjqATqWmRK0f
0000004	Field3	bnjqATqWmRK0fdo5nS34
0000005	Field1	xH2byq74hCVo1W8DUHUf
0000006	Field2	X1tFOtf8/emoVOYqu4Vu
0000007	Field2	j6T418NMvFJYuDv98pm9
0000008	Field3	bnjqATqWmRK0fdo5nS34
0000009	Field1	SyEbexYrlKxhFQr8hkMG
0000010	Field1	zamFvB6rqPqP5yNgI5nr

SELECT * FROM LoadTest OFFSET 1 LIMIT 5;
0000002	Field3	MP0boZI1ZaVIduFoh14F
0000003	Field3	6WFqwP5bnjqATqWmRK0f
0000004	Field3	bnjqATqWmRK0fdo5nS34
0000005	Field1	xH2byq74hCVo1W8DUHUf
0000006	Field2	X1tFOtf8/emoVOYqu4Vu
SELECT * FROM LoadTest OFFSET 1 LIMIT 5 RETURN_DELETES;
0000002	Field3	MP0boZI1ZaVIduFoh14F
0000003	Field3	6WFqwP5bnjqATqWmRK0f
0000004	Field3	bnjqATqWmRK0fdo5nS34
0000005	Field1	xH2byq74hCVo1W8DUHUf
0000006	Field2	X1tFOtf8/emoVOYqu4Vu
