{MetaLog::Entity RecoveredServers header={type=196640,checksum=-68126547,id=0,timestamp=0,flags=0,length=11} payload={rs2}
