{MetaLog::Entity GenericEntity65536 header={type=65536,checksum=2058551352,id=2,flags=0,length=1034} payload={value=167374}
{MetaLog::Entity GenericEntity65537 header={type=65537,checksum=-2118696869,id=3,flags=0,length=1034} payload={value=773608}
{MetaLog::Entity GenericEntity65538 header={type=65538,checksum=1702348165,id=4,flags=0,length=1034} payload={value=21278}
{MetaLog::Entity GenericEntity65540 header={type=65540,checksum=1133505339,id=6,flags=0,length=1034} payload={value=817352}
{MetaLog::Entity GenericEntity65541 header={type=65541,checksum=449595293,id=7,flags=0,length=1034} payload={value=906536}
{MetaLog::Entity GenericEntity65542 header={type=65542,checksum=2003472223,id=8,flags=0,length=1034} payload={value=531696}
{MetaLog::Entity GenericEntity65544 header={type=65544,checksum=-1368806957,id=10,flags=0,length=1034} payload={value=931678}
{MetaLog::Entity GenericEntity65545 header={type=65545,checksum=949839231,id=11,flags=0,length=1034} payload={value=62231}
{MetaLog::Entity GenericEntity65546 header={type=65546,checksum=1715360052,id=12,flags=0,length=1034} payload={value=712386}
{MetaLog::Entity GenericEntity65547 header={type=65547,checksum=-1393031099,id=13,flags=0,length=1034} payload={value=103900}
{MetaLog::Entity GenericEntity65548 header={type=65548,checksum=1036982262,id=14,flags=0,length=1034} payload={value=959872}
{MetaLog::Entity GenericEntity65549 header={type=65549,checksum=67923034,id=15,flags=0,length=1034} payload={value=784871}
{MetaLog::Entity GenericEntity65550 header={type=65550,checksum=-1597240263,id=16,flags=0,length=1034} payload={value=367052}
{MetaLog::Entity GenericEntity65551 header={type=65551,checksum=735940155,id=17,flags=0,length=1034} payload={value=203729}
{MetaLog::Entity GenericEntity65552 header={type=65552,checksum=1718748709,id=18,flags=0,length=1034} payload={value=234426}
{MetaLog::Entity GenericEntity65555 header={type=65555,checksum=2129163658,id=21,flags=0,length=1034} payload={value=131873}
{MetaLog::Entity GenericEntity65556 header={type=65556,checksum=1441668601,id=22,flags=0,length=1034} payload={value=502666}
{MetaLog::Entity GenericEntity65557 header={type=65557,checksum=-1991827313,id=23,flags=0,length=1034} payload={value=765468}
{MetaLog::Entity GenericEntity65559 header={type=65559,checksum=-1047941928,id=25,flags=0,length=1034} payload={value=539241}
{MetaLog::Entity GenericEntity65560 header={type=65560,checksum=405319424,id=26,flags=0,length=1034} payload={value=933003}
{MetaLog::Entity GenericEntity65561 header={type=65561,checksum=-779030024,id=27,flags=0,length=1034} payload={value=819077}
{MetaLog::Entity GenericEntity65562 header={type=65562,checksum=652380480,id=28,flags=0,length=1034} payload={value=530129}
{MetaLog::Entity GenericEntity65563 header={type=65563,checksum=1664570287,id=29,flags=0,length=1034} payload={value=188741}
{MetaLog::Entity GenericEntity65564 header={type=65564,checksum=1987677283,id=30,flags=0,length=1034} payload={value=203257}
{MetaLog::Entity GenericEntity65565 header={type=65565,checksum=309075161,id=31,flags=0,length=1034} payload={value=502378}
{MetaLog::Entity GenericEntity65566 header={type=65566,checksum=-187730746,id=32,flags=0,length=1034} payload={value=590422}
{MetaLog::Entity GenericEntity65567 header={type=65567,checksum=-748323416,id=33,flags=0,length=1034} payload={value=854836}
{MetaLog::Entity GenericEntity65568 header={type=65568,checksum=-154388446,id=34,flags=0,length=1034} payload={value=116153}
